LOG: [vite] connecting...
LOG: [vite] connected.
LOG: [vite] connecting...
LOG: [vite] connected.
LOG: %cDownload the React DevTools for a better development experience: https://react.dev/link/react-devtools font-weight:bold
LOG: THREE.THREE.Clock: This module has been deprecated. Please use THREE.Timer instead.
LOG: Failed to load resource: the server responded with a status of 404 (Not Found)
LOG: WARNING: Multiple instances of Three.js being imported.
LOG: WARNING: Multiple instances of Three.js being imported.
LOG: THREE.WebGLProgram: Program Info Log: (210,81-129): warning X4122: sum of 0.996094 and -2.98545e-017 cannot be represented accurately in double precision
(209,37-61): warning X4122: sum of 1 and -1.49272e-017 cannot be represented accurately in double precision
(210,82-106): warning X4122: sum of 1 and -1.49272e-017 cannot be represented accurately in double precision
(209,37-61): warning X4122: sum of 1 and -1.66644e-018 cannot be represented accurately in double precision
(210,82-106): warning X4122: sum of 1 and -1.66644e-018 cannot be represented accurately in double precision


 

HTML:
<!DOCTYPE html><html lang="en"><head>
    <script type="module">import { injectIntoGlobalHook } from "/@react-refresh";
injectIntoGlobalHook(window);
window.$RefreshReg$ = () => {};
window.$RefreshSig$ = () => (type) => type;</script>

    <script type="module" src="/@vite/client"></script>

    <meta charset="UTF-8">
    <meta name="viewport" content="width=device-width, initial-scale=1.0">
    <title>My Google AI Studio App</title>
  <style type="text/css">:root, :host {
  --fa-font-solid: normal 900 1em/1 "Font Awesome 6 Free";
  --fa-font-regular: normal 400 1em/1 "Font Awesome 6 Free";
  --fa-font-light: normal 300 1em/1 "Font Awesome 6 Pro";
  --fa-font-thin: normal 100 1em/1 "Font Awesome 6 Pro";
  --fa-font-duotone: normal 900 1em/1 "Font Awesome 6 Duotone";
  --fa-font-brands: normal 400 1em/1 "Font Awesome 6 Brands";
  --fa-font-sharp-solid: normal 900 1em/1 "Font Awesome 6 Sharp";
  --fa-font-sharp-regular: normal 400 1em/1 "Font Awesome 6 Sharp";
  --fa-font-sharp-light: no